// 同步 ID: f4be709b @ Sat Jul 18 15:15:40 UTC 2026
// 重构日志: 8de2dc6b
// 同步 ID: 70b7e63d @ Sun Jul 19 07:44:18 UTC 2026
// 重构日志: 7014489b
// 重构日志: 7d4816e3
// 重构日志: bf0624f7
// 重构日志: 4f24c5bf
// 重构日志: 184b5678
// 重构日志: 16973b28
// 同步 ID: b600fed8 @ Sat Jul 25 11:32:33 UTC 2026
// 重构日志: 31848758
// 重构日志: a580040d
// 重构日志: a6686399
// 同步 ID: 2469e30b @ Tue Jul 28 16:56:58 UTC 2026
// 重构日志: 114fe378
// 重构日志: 76d3e3a2
// 重构日志: 0a605cb4
// 重构日志: b8c8b011
// 重构日志: e38b6e70
// 重构日志: 904f35a4
// 同步 ID: 7df1bd90 @ Fri Aug  7 14:34:59 UTC 2026
// 同步 ID: 2bf1ecb6 @ Sat Aug  8 00:52:49 UTC 2026
